// Jest Snapshot v1, https://goo.gl/fbAQLP

exports[`Tests in <Navbar /> should display correctly 1`] = `
<nav
  className="flex justify-between w-full py-2 px-4 | bg-slate-800 text-slate-400"
>
  <ul
    className="flex items-center gap-4"
  >
    <li>
      <a
        className="text-white"
        href="/"
        onClick={[Function]}
      >
        Asoiciaciones
      </a>
    </li>
    <li>
      <a
        className=""
        href="/marvel"
        onClick={[Function]}
      >
        Marvel
      </a>
    </li>
    <li>
      <a
        className=""
        href="/dc"
        onClick={[Function]}
      >
        DC
      </a>
    </li>
    <li>
      <a
        className=""
        href="/search"
        onClick={[Function]}
      >
        Search
      </a>
    </li>
  </ul>
  <div
    className="flex items-center gap-4"
  >
    <h3
      className="text-cyan-500 font-semibold"
    >
      Welcome
    </h3>
    <button
      className="px-2 py-1 | bg-sky-900 text-sky-300 | rounded-md | hover:bg-sky-300 hover:text-sky-900"
      onClick={[Function]}
    >
      Logout
    </button>
  </div>
</nav>
`;
