// Jest Snapshot v1, https://goo.gl/fbAQLP

exports[`Tests in <AppRouter /> should show login if not authenticated 1`] = `
<div
  className="flex items-center justify-center min-h-screen p-4"
>
  <div
    className="w-full text-center"
  >
    <div
      className="mb-4 | text-gray-600"
    >
      <h2
        className="font-bold uppercase"
      >
        Login
      </h2>
      <hr
        className="text-gray-300"
      />
    </div>
    <button
      className="px-2 py-1 | bg-sky-900 text-sky-300 | rounded-md | hover:bg-sky-300 hover:text-sky-900"
      onClick={[Function]}
    >
      Login
    </button>
  </div>
</div>
`;

exports[`Tests in <AppRouter /> should show the component Marvel if authenticated 1`] = `
Array [
  <nav
    className="flex justify-between w-full py-2 px-4 | bg-slate-800 text-slate-400"
  >
    <ul
      className="flex items-center gap-4"
    >
      <li>
        <a
          className="text-white"
          href="/"
          onClick={[Function]}
        >
          Asoiciaciones
        </a>
      </li>
      <li>
        <a
          aria-current="page"
          className="text-cyan-500"
          href="/marvel"
          onClick={[Function]}
        >
          Marvel
        </a>
      </li>
      <li>
        <a
          className=""
          href="/dc"
          onClick={[Function]}
        >
          DC
        </a>
      </li>
      <li>
        <a
          className=""
          href="/search"
          onClick={[Function]}
        >
          Search
        </a>
      </li>
    </ul>
    <div
      className="flex items-center gap-4"
    >
      <h3
        className="text-cyan-500 font-semibold"
      >
        Miltoncodeyt
      </h3>
      <button
        className="px-2 py-1 | bg-sky-900 text-sky-300 | rounded-md | hover:bg-sky-300 hover:text-sky-900"
        onClick={[Function]}
      >
        Logout
      </button>
    </div>
  </nav>,
  <div
    className="px-4 xl:px-0 | lg:max-w-screen-lg xl:max-w-screen-xl | my-0 mx-auto"
  >
    <section
      className="my-4"
    >
      <h1
        className="text-center font-semibold text-xl text-gray-600"
      >
        Heros Marvel
      </h1>
      <hr
        className="text-gray-300 mt-2 mb-4"
      />
      <div
        className="flex items-center justify-center flex-col gap-4 | sm:grid sm:justify-items-center sm:grid-cols-3 md:grid-cols-2 sm:justify-items-stretch xl:grid-cols-3"
      >
        <article
          className="flex justify-center flex-col items-center h-full max-w-[12rem] shadow-sm hover:shadow-md overflow-hidden rounded-lg | md:max-w-none md:flex-row md:items-stretch"
        >
          <img
            alt="Spider Man"
            className="h-80 object-cover | lg:h-64"
            src="/assets/img/marvel-spider.jpg"
          />
          <div
            className="w-full flex flex-col justify-between p-4 flex-1 | bg-gray-100"
          >
            <h3
              className="text-xl font-bold text-gray-700"
            >
              Spider Man
            </h3>
            <div>
              <p
                className="text-base font-semibold text-gray-500"
              >
                Marvel Comics
              </p>
              <p
                className="text-sm text-gray-500"
              >
                Peter Parker
              </p>
              <p
                className="text-sm text-gray-500"
              >
                Amazing Fantasy #15
              </p>
            </div>
            <div
              className="my-4"
            >
              <a
                className="text-sky-600 hover:text-sky-300"
                href="/hero/marvel-spider"
                onClick={[Function]}
              >
                More info...
              </a>
            </div>
          </div>
        </article>
        <article
          className="flex justify-center flex-col items-center h-full max-w-[12rem] shadow-sm hover:shadow-md overflow-hidden rounded-lg | md:max-w-none md:flex-row md:items-stretch"
        >
          <img
            alt="Captain America"
            className="h-80 object-cover | lg:h-64"
            src="/assets/img/marvel-captain.jpg"
          />
          <div
            className="w-full flex flex-col justify-between p-4 flex-1 | bg-gray-100"
          >
            <h3
              className="text-xl font-bold text-gray-700"
            >
              Captain America
            </h3>
            <div>
              <p
                className="text-base font-semibold text-gray-500"
              >
                Marvel Comics
              </p>
              <p
                className="text-sm text-gray-500"
              >
                Steve Rogers
              </p>
              <p
                className="text-sm text-gray-500"
              >
                Captain America Comics #1
              </p>
            </div>
            <div
              className="my-4"
            >
              <a
                className="text-sky-600 hover:text-sky-300"
                href="/hero/marvel-captain"
                onClick={[Function]}
              >
                More info...
              </a>
            </div>
          </div>
        </article>
        <article
          className="flex justify-center flex-col items-center h-full max-w-[12rem] shadow-sm hover:shadow-md overflow-hidden rounded-lg | md:max-w-none md:flex-row md:items-stretch"
        >
          <img
            alt="Iron Man"
            className="h-80 object-cover | lg:h-64"
            src="/assets/img/marvel-iron.jpg"
          />
          <div
            className="w-full flex flex-col justify-between p-4 flex-1 | bg-gray-100"
          >
            <h3
              className="text-xl font-bold text-gray-700"
            >
              Iron Man
            </h3>
            <div>
              <p
                className="text-base font-semibold text-gray-500"
              >
                Marvel Comics
              </p>
              <p
                className="text-sm text-gray-500"
              >
                Tony Stark
              </p>
              <p
                className="text-sm text-gray-500"
              >
                Tales of Suspense #39
              </p>
            </div>
            <div
              className="my-4"
            >
              <a
                className="text-sky-600 hover:text-sky-300"
                href="/hero/marvel-iron"
                onClick={[Function]}
              >
                More info...
              </a>
            </div>
          </div>
        </article>
        <article
          className="flex justify-center flex-col items-center h-full max-w-[12rem] shadow-sm hover:shadow-md overflow-hidden rounded-lg | md:max-w-none md:flex-row md:items-stretch"
        >
          <img
            alt="Thor"
            className="h-80 object-cover | lg:h-64"
            src="/assets/img/marvel-thor.jpg"
          />
          <div
            className="w-full flex flex-col justify-between p-4 flex-1 | bg-gray-100"
          >
            <h3
              className="text-xl font-bold text-gray-700"
            >
              Thor
            </h3>
            <div>
              <p
                className="text-base font-semibold text-gray-500"
              >
                Marvel Comics
              </p>
              <p
                className="text-sm text-gray-500"
              >
                Thor Odinson
              </p>
              <p
                className="text-sm text-gray-500"
              >
                Journey into Myster #83
              </p>
            </div>
            <div
              className="my-4"
            >
              <a
                className="text-sky-600 hover:text-sky-300"
                href="/hero/marvel-thor"
                onClick={[Function]}
              >
                More info...
              </a>
            </div>
          </div>
        </article>
        <article
          className="flex justify-center flex-col items-center h-full max-w-[12rem] shadow-sm hover:shadow-md overflow-hidden rounded-lg | md:max-w-none md:flex-row md:items-stretch"
        >
          <img
            alt="Hulk"
            className="h-80 object-cover | lg:h-64"
            src="/assets/img/marvel-hulk.jpg"
          />
          <div
            className="w-full flex flex-col justify-between p-4 flex-1 | bg-gray-100"
          >
            <h3
              className="text-xl font-bold text-gray-700"
            >
              Hulk
            </h3>
            <div>
              <p
                className="text-base font-semibold text-gray-500"
              >
                Marvel Comics
              </p>
              <p
                className="text-sm text-gray-500"
              >
                Bruce Banner
              </p>
              <p
                className="text-sm text-gray-500"
              >
                The Incredible Hulk #1
              </p>
            </div>
            <div
              className="my-4"
            >
              <a
                className="text-sky-600 hover:text-sky-300"
                href="/hero/marvel-hulk"
                onClick={[Function]}
              >
                More info...
              </a>
            </div>
          </div>
        </article>
        <article
          className="flex justify-center flex-col items-center h-full max-w-[12rem] shadow-sm hover:shadow-md overflow-hidden rounded-lg | md:max-w-none md:flex-row md:items-stretch"
        >
          <img
            alt="Wolverine"
            className="h-80 object-cover | lg:h-64"
            src="/assets/img/marvel-wolverine.jpg"
          />
          <div
            className="w-full flex flex-col justify-between p-4 flex-1 | bg-gray-100"
          >
            <h3
              className="text-xl font-bold text-gray-700"
            >
              Wolverine
            </h3>
            <div>
              <p
                className="text-base font-semibold text-gray-500"
              >
                Marvel Comics
              </p>
              <p
                className="text-sm text-gray-500"
              >
                James Howlett
              </p>
              <p
                className="text-sm text-gray-500"
              >
                The Incredible Hulk #180
              </p>
            </div>
            <div
              className="my-4"
            >
              <a
                className="text-sky-600 hover:text-sky-300"
                href="/hero/marvel-wolverine"
                onClick={[Function]}
              >
                More info...
              </a>
            </div>
          </div>
        </article>
        <article
          className="flex justify-center flex-col items-center h-full max-w-[12rem] shadow-sm hover:shadow-md overflow-hidden rounded-lg | md:max-w-none md:flex-row md:items-stretch"
        >
          <img
            alt="Daredevil"
            className="h-80 object-cover | lg:h-64"
            src="/assets/img/marvel-daredevil.jpg"
          />
          <div
            className="w-full flex flex-col justify-between p-4 flex-1 | bg-gray-100"
          >
            <h3
              className="text-xl font-bold text-gray-700"
            >
              Daredevil
            </h3>
            <div>
              <p
                className="text-base font-semibold text-gray-500"
              >
                Marvel Comics
              </p>
              <p
                className="text-sm text-gray-500"
              >
                Matthew Michael Murdock
              </p>
              <p
                className="text-sm text-gray-500"
              >
                Daredevil #1
              </p>
            </div>
            <div
              className="my-4"
            >
              <a
                className="text-sky-600 hover:text-sky-300"
                href="/hero/marvel-daredevil"
                onClick={[Function]}
              >
                More info...
              </a>
            </div>
          </div>
        </article>
        <article
          className="flex justify-center flex-col items-center h-full max-w-[12rem] shadow-sm hover:shadow-md overflow-hidden rounded-lg | md:max-w-none md:flex-row md:items-stretch"
        >
          <img
            alt="Hawkeye"
            className="h-80 object-cover | lg:h-64"
            src="/assets/img/marvel-hawkeye.jpg"
          />
          <div
            className="w-full flex flex-col justify-between p-4 flex-1 | bg-gray-100"
          >
            <h3
              className="text-xl font-bold text-gray-700"
            >
              Hawkeye
            </h3>
            <div>
              <p
                className="text-base font-semibold text-gray-500"
              >
                Marvel Comics
              </p>
              <p
                className="text-sm text-gray-500"
              >
                Clinton Francis Barton
              </p>
              <p
                className="text-sm text-gray-500"
              >
                Tales of Suspense #57
              </p>
            </div>
            <div
              className="my-4"
            >
              <a
                className="text-sky-600 hover:text-sky-300"
                href="/hero/marvel-hawkeye"
                onClick={[Function]}
              >
                More info...
              </a>
            </div>
          </div>
        </article>
        <article
          className="flex justify-center flex-col items-center h-full max-w-[12rem] shadow-sm hover:shadow-md overflow-hidden rounded-lg | md:max-w-none md:flex-row md:items-stretch"
        >
          <img
            alt="Cyclops"
            className="h-80 object-cover | lg:h-64"
            src="/assets/img/marvel-cyclops.jpg"
          />
          <div
            className="w-full flex flex-col justify-between p-4 flex-1 | bg-gray-100"
          >
            <h3
              className="text-xl font-bold text-gray-700"
            >
              Cyclops
            </h3>
            <div>
              <p
                className="text-base font-semibold text-gray-500"
              >
                Marvel Comics
              </p>
              <p
                className="text-sm text-gray-500"
              >
                Scott Summers
              </p>
              <p
                className="text-sm text-gray-500"
              >
                X-Men #1
              </p>
            </div>
            <div
              className="my-4"
            >
              <a
                className="text-sky-600 hover:text-sky-300"
                href="/hero/marvel-cyclops"
                onClick={[Function]}
              >
                More info...
              </a>
            </div>
          </div>
        </article>
        <article
          className="flex justify-center flex-col items-center h-full max-w-[12rem] shadow-sm hover:shadow-md overflow-hidden rounded-lg | md:max-w-none md:flex-row md:items-stretch"
        >
          <img
            alt="Silver Surfer"
            className="h-80 object-cover | lg:h-64"
            src="/assets/img/marvel-silver.jpg"
          />
          <div
            className="w-full flex flex-col justify-between p-4 flex-1 | bg-gray-100"
          >
            <h3
              className="text-xl font-bold text-gray-700"
            >
              Silver Surfer
            </h3>
            <div>
              <p
                className="text-base font-semibold text-gray-500"
              >
                Marvel Comics
              </p>
              <p
                className="text-sm text-gray-500"
              >
                Norrin Radd
              </p>
              <p
                className="text-sm text-gray-500"
              >
                The Fantastic Four #48
              </p>
            </div>
            <div
              className="my-4"
            >
              <a
                className="text-sky-600 hover:text-sky-300"
                href="/hero/marvel-silver"
                onClick={[Function]}
              >
                More info...
              </a>
            </div>
          </div>
        </article>
      </div>
    </section>
  </div>,
]
`;
