// Jest Snapshot v1, https://goo.gl/fbAQLP

exports[`Tests in <SearchScreen /> should display correctly by default 1`] = `
<section
  className="my-4"
>
  <h1
    className="text-xl text-gray-600 text-center"
  >
    <strong>
      Search Hero
    </strong>
     | 🦸‍♀️
  </h1>
  <form
    className="flex gap-4 my-4 flex-col sm:flex-row max-w-md m-auto text-center"
    onSubmit={[Function]}
  >
    <input
      className="p-2 rounded-lg w-full bg-slate-50"
      name="searchText"
      onChange={[Function]}
      placeholder="Iron man, Thor..."
      type="text"
      value=""
    />
    <button
      className="py-2 px-4 rounded-lg text-sky-600 bg-sky-300 | hover:bg-sky-600 hover:text-sky-300"
      type="submit"
    >
      Search
    </button>
  </form>
  <div
    className="p-4 bg-sky-200 rounded-md w-full"
  >
    <p
      className="text-sky-600"
    >
      Without result
    </p>
  </div>
  <div
    className="flex items-center justify-center flex-col gap-4 | sm:grid sm:justify-items-center sm:grid-cols-3 md:grid-cols-2 sm:justify-items-stretch xl:grid-cols-3"
  />
</section>
`;
