// Jest Snapshot v1, https://goo.gl/fbAQLP

exports[`Tests in <LoginScreen /> should display correctly by default 1`] = `
<div
  className="flex items-center justify-center min-h-screen p-4"
>
  <div
    className="w-full text-center"
  >
    <div
      className="mb-4 | text-gray-600"
    >
      <h2
        className="font-bold uppercase"
      >
        Login
      </h2>
      <hr
        className="text-gray-300"
      />
    </div>
    <button
      className="px-2 py-1 | bg-sky-900 text-sky-300 | rounded-md | hover:bg-sky-300 hover:text-sky-900"
      onClick={[Function]}
    >
      Login
    </button>
  </div>
</div>
`;
